Company_code                                       founder
-------------------------------------------------- --------------------------------------------------
C1                                                 Monika
C2                                                 Samantha

(2 rows affected)

lead_manager_code                                  company_code
-------------------------------------------------- --------------------------------------------------
LM1                                                C1
LM2                                                C2
LM3                                                C1

(3 rows affected)

senior_manager_code                                lead_manager_code                                  company_code
-------------------------------------------------- -------------------------------------------------- --------------------------------------------------
SM1                                                LM1                                                C1
SM2                                                LM1                                                C1
SM3                                                LM2                                                C2
SM4                                                LM1                                                C1

(4 rows affected)

manager_code                                       senior_manager_code                                lead_manager_code                                  company_code
-------------------------------------------------- -------------------------------------------------- -------------------------------------------------- --------------------------------------------------
M1                                                 SM1                                                LM1                                                C1
M2                                                 SM3                                                LM2                                                C2
M3                                                 SM3                                                LM2                                                C2

(3 rows affected)

employee_code                                      manager_code                                       senior_manager_code                                lead_manager_code                                  company_code
-------------------------------------------------- -------------------------------------------------- -------------------------------------------------- -------------------------------------------------- --------------------------------------------------
E1                                                 M1                                                 SM1                                                LM1                                                C1
E2                                                 M1                                                 SM1                                                LM1                                                C1
E3                                                 M2                                                 SM3                                                LM2                                                C2
E4                                                 M3                                                 SM3                                                LM2                                                C2

(4 rows affected)

